[sync] Local PDFs: 2459
[sync] Remote keys under 'pdfs/': 2374
[sync] To upload: 658; To delete: 0
[sync] Uploaded 25/658
[sync] Uploaded 50/658
[sync] Uploaded 75/658
[sync] Uploaded 100/658
[sync] Uploaded 125/658
[sync] Uploaded 150/658
[sync] Uploaded 175/658
[sync] Uploaded 200/658
[sync] Uploaded 225/658
[sync] Uploaded 250/658
[sync] Uploaded 275/658
[sync] Uploaded 300/658
[sync] Uploaded 325/658
[sync] Uploaded 350/658
[sync] Uploaded 375/658
[sync] Uploaded 400/658
[sync] Uploaded 425/658
[sync] Uploaded 450/658
[sync] Uploaded 475/658
[sync] Uploaded 500/658
[sync] Uploaded 525/658
[sync] Uploaded 550/658
[sync] Uploaded 575/658
[sync] Uploaded 600/658
[sync] Uploaded 625/658
[sync] Uploaded 650/658
[sync] Done. Origin: https://verkiezingsdata.ams3.digitaloceanspaces.com; CDN: https://verkiezingsdata.ams3.cdn.digitaloceanspaces.com
