[sync] Local PDFs: 2374
[sync] Remote keys under 'pdfs/': 2150
[sync] To upload: 734; To delete: 0
[sync] Uploaded 25/734
[sync] Uploaded 50/734
[sync] Uploaded 75/734
[sync] Uploaded 100/734
[sync] Uploaded 125/734
[sync] Uploaded 150/734
[sync] Uploaded 175/734
[sync] Uploaded 200/734
[sync] Uploaded 225/734
[sync] Uploaded 250/734
[sync] Uploaded 275/734
[sync] Uploaded 300/734
[sync] Uploaded 325/734
[sync] Uploaded 350/734
[sync] Uploaded 375/734
[sync] Uploaded 400/734
[sync] Uploaded 425/734
[sync] Uploaded 450/734
[sync] Uploaded 475/734
[sync] Uploaded 500/734
[sync] Uploaded 525/734
[sync] Uploaded 550/734
[sync] Uploaded 575/734
[sync] Uploaded 600/734
[sync] Uploaded 625/734
[sync] Uploaded 650/734
[sync] Uploaded 675/734
[sync] Uploaded 700/734
[sync] Uploaded 725/734
[sync] Done. Origin: https://verkiezingsdata.ams3.digitaloceanspaces.com; CDN: https://verkiezingsdata.ams3.cdn.digitaloceanspaces.com
