[cleaned] Target: Zandvoort
[cleaned] Zandvoort: 1 pdf links (+0 mediafiler)
[cleaned] Zandvoort: saved 1 PDFs (HTTP) -> /Users/arcovink/Documents/restzetels/scraper/pdfs/Zandvoort
[cleaned] PDF index merged -> /Users/arcovink/Documents/restzetels/scraper/pdf_scraper_input/municipality_pdfs_index.json
[cleaned] Done. Total saved: 1
[cleaned] Target: Zandvoort
[cleaned] Zandvoort: 1 pdf links (+0 mediafiler)
[cleaned] Zandvoort: saved 0 PDFs (HTTP) -> /Users/arcovink/Documents/restzetels/scraper/pdfs/Zandvoort
[cleaned] PDF index merged -> /Users/arcovink/Documents/restzetels/scraper/pdf_scraper_input/municipality_pdfs_index.json
[cleaned] Done. Total saved: 0
[cleaned] Target: Zandvoort
[cleaned] PDF index merged -> /Users/arcovink/Documents/restzetels/scraper/pdf_scraper_input/municipality_pdfs_index.json
[cleaned] Done. Total saved: 0
[cleaned] Target: Zandvoort
[generic] Zandvoort: error downloading hub https://zandvoort.nl/tweede-kamerverkiezingen#documenten-5860: Locator.get_attribute: Timeout 30000ms exceeded.
Call log:
waiting for locator("a[href]").nth(61)

[cleaned] Zandvoort: 1 pdf links (+0 mediafiler)
[cleaned] Zandvoort: saved 0 PDFs (HTTP) -> /Users/arcovink/Documents/restzetels/scraper/pdfs/Zandvoort
[cleaned] PDF index merged -> /Users/arcovink/Documents/restzetels/scraper/pdf_scraper_input/municipality_pdfs_index.json
[cleaned] Done. Total saved: 0
[cleaned] Target: Zandvoort
[cleaned] Zandvoort: 1 pdf links (+0 mediafiler)
[cleaned] Zandvoort: saved 0 PDFs (HTTP) -> /Users/arcovink/Documents/restzetels/scraper/pdfs/Zandvoort
[cleaned] PDF index merged -> /Users/arcovink/Documents/restzetels/scraper/pdf_scraper_input/municipality_pdfs_index.json
[cleaned] Done. Total saved: 0
