# Started G at 20251103_165856
[cleaned] Target: Geertruidenberg, Geldrop-Mierlo, Gemert-Bakel, Gennep, Gilze en Rijen, Goeree-Overflakkee, Goes, Goirle, Gooise Meren, Gorinchem, Gouda, Groningen, Gulpen-Wittem
[cleaned] Geertruidenberg: 29 pdf links (+0 mediafiler)
[cleaned] Geertruidenberg: saved 29 PDFs (HTTP) -> /Users/arcovink/Documents/restzetels/scraper/pdfs/Geertruidenberg
[cleaned] Geldrop-Mierlo: 33 pdf links (+0 mediafiler)
[cleaned] Geldrop-Mierlo: saved 33 PDFs (HTTP) -> /Users/arcovink/Documents/restzetels/scraper/pdfs/Geldrop-Mierlo
[cleaned] Gemert-Bakel: 10 pdf links (+0 mediafiler)
[cleaned] Gemert-Bakel: saved 10 PDFs (HTTP) -> /Users/arcovink/Documents/restzetels/scraper/pdfs/Gemert-Bakel
[cleaned] Gennep: 24 pdf links (+0 mediafiler)
[cleaned] Gennep: saved 24 PDFs (HTTP) -> /Users/arcovink/Documents/restzetels/scraper/pdfs/Gennep
[cleaned] Gilze en Rijen: 13 pdf links (+0 mediafiler)
[cleaned] Gilze en Rijen: saved 13 PDFs (HTTP) -> /Users/arcovink/Documents/restzetels/scraper/pdfs/Gilze en Rijen
[cleaned] Goeree-Overflakkee: 6 pdf links (+0 mediafiler)
[cleaned] Goeree-Overflakkee: saved 6 PDFs (HTTP) -> /Users/arcovink/Documents/restzetels/scraper/pdfs/Goeree-Overflakkee
[cleaned] Goes: 0 pdf links (+0 mediafiler)
[cleaned] Goes: saved 0 PDFs (HTTP) -> /Users/arcovink/Documents/restzetels/scraper/pdfs/Goes
[cleaned] Goirle: 15 pdf links (+0 mediafiler)
[cleaned] Goirle: saved 15 PDFs (HTTP) -> /Users/arcovink/Documents/restzetels/scraper/pdfs/Goirle
[cleaned] Gooise Meren: 0 pdf links (+0 mediafiler)
[cleaned] Gooise Meren: saved 0 PDFs (HTTP) -> /Users/arcovink/Documents/restzetels/scraper/pdfs/Gooise Meren
[cleaned] Gorinchem: 27 pdf links (+0 mediafiler)
