# Started R at 20251103_165856
[cleaned] Target: Raalte, Reimerswaal, Renkum, Renswoude, Reusel-De Mierden, Rheden, Rhenen, Ridderkerk, Rijssen-Holten, Rijswijk, Roerdalen, Roermond, Roosendaal, Rotterdam, Rozendaal, Rucphen
[cleaned] Raalte: 13 pdf links (+0 mediafiler)
[cleaned] Raalte: saved 13 PDFs (HTTP) -> /Users/arcovink/Documents/restzetels/scraper/pdfs/Raalte
[cleaned] Reimerswaal: 25 pdf links (+0 mediafiler)
[cleaned] Reimerswaal: saved 23 PDFs (HTTP) -> /Users/arcovink/Documents/restzetels/scraper/pdfs/Reimerswaal
[cleaned] Renkum: 13 pdf links (+0 mediafiler)
[cleaned] Renkum: saved 13 PDFs (HTTP) -> /Users/arcovink/Documents/restzetels/scraper/pdfs/Renkum
[cleaned] Renswoude: 32 pdf links (+0 mediafiler)
[cleaned] Renswoude: saved 32 PDFs (HTTP) -> /Users/arcovink/Documents/restzetels/scraper/pdfs/Renswoude
[cleaned] Reusel-De Mierden: 1 pdf links (+0 mediafiler)
[cleaned] Reusel-De Mierden: saved 1 PDFs (HTTP) -> /Users/arcovink/Documents/restzetels/scraper/pdfs/Reusel-De Mierden
[cleaned] Rheden: 2 pdf links (+0 mediafiler)
[cleaned] Rheden: saved 2 PDFs (HTTP) -> /Users/arcovink/Documents/restzetels/scraper/pdfs/Rheden
[cleaned] Rhenen: 23 pdf links (+0 mediafiler)
[cleaned] Rhenen: saved 23 PDFs (HTTP) -> /Users/arcovink/Documents/restzetels/scraper/pdfs/Rhenen
[cleaned] Ridderkerk: 67 pdf links (+0 mediafiler)
[cleaned] Ridderkerk: saved 67 PDFs (HTTP) -> /Users/arcovink/Documents/restzetels/scraper/pdfs/Ridderkerk
[cleaned] Rijssen-Holten: 1 pdf links (+0 mediafiler)
[cleaned] Rijssen-Holten: saved 1 PDFs (HTTP) -> /Users/arcovink/Documents/restzetels/scraper/pdfs/Rijssen-Holten
[cleaned] Rijswijk: 63 pdf links (+0 mediafiler)
